SEVERE	161	0	oracle.ide.extension.HashStructureHook	Unexpected runtime exception while delivering HashStructureHookEvent
SEVERE	405	359775	oracle.dbtools.raptor.backgroundTask.RaptorTaskManager$1	Cannot invoke "javax.swing.JTable.getColumnModel()" because "this.this$0.table" is null at java.desktop/javax.swing.plaf.basic.BasicTableUI$Handler.setValueIsAdjusting(Unknown Source)
SEVERE	406	48487	oracle.dbtools.raptor.backgroundTask.RaptorTaskManager$1	Cannot invoke "javax.swing.JTable.getColumnModel()" because "this.this$0.table" is null at java.desktop/javax.swing.plaf.basic.BasicTableUI$Handler.setValueIsAdjusting(Unknown Source)
SEVERE	407	29554	oracle.dbtools.raptor.backgroundTask.RaptorTaskManager$1	Cannot invoke "javax.swing.JTable.getColumnModel()" because "this.this$0.table" is null at java.desktop/javax.swing.plaf.basic.BasicTableUI$Handler.setValueIsAdjusting(Unknown Source)
SEVERE	408	27369	oracle.dbtools.raptor.backgroundTask.RaptorTaskManager$1	Cannot invoke "javax.swing.JTable.getColumnModel()" because "this.this$0.table" is null at java.desktop/javax.swing.plaf.basic.BasicTableUI$Handler.setValueIsAdjusting(Unknown Source)
SEVERE	409	28271	oracle.dbtools.raptor.backgroundTask.RaptorTaskManager$1	Cannot invoke "javax.swing.JTable.getColumnModel()" because "this.this$0.table" is null at java.desktop/javax.swing.plaf.basic.BasicTableUI$Handler.setValueIsAdjusting(Unknown Source)
SEVERE	410	96919	oracle.dbtools.raptor.backgroundTask.RaptorTaskManager$1	Cannot invoke "javax.swing.JTable.getColumnModel()" because "this.this$0.table" is null at java.desktop/javax.swing.plaf.basic.BasicTableUI$Handler.setValueIsAdjusting(Unknown Source)
SEVERE	411	31807	oracle.dbtools.raptor.backgroundTask.RaptorTaskManager$1	Cannot invoke "javax.swing.JTable.getColumnModel()" because "this.this$0.table" is null at java.desktop/javax.swing.plaf.basic.BasicTableUI$Handler.setValueIsAdjusting(Unknown Source)
SEVERE	412	118204	oracle.dbtools.raptor.backgroundTask.RaptorTaskManager$1	Cannot invoke "javax.swing.JTable.getColumnModel()" because "this.this$0.table" is null at java.desktop/javax.swing.plaf.basic.BasicTableUI$Handler.setValueIsAdjusting(Unknown Source)
SEVERE	413	433266	oracle.dbtools.raptor.backgroundTask.RaptorTaskManager$1	Cannot invoke "javax.swing.JTable.getColumnModel()" because "this.this$0.table" is null at java.desktop/javax.swing.plaf.basic.BasicTableUI$Handler.setValueIsAdjusting(Unknown Source)
SEVERE	414	51305	oracle.dbtools.raptor.backgroundTask.RaptorTaskManager$1	Cannot invoke "javax.swing.JTable.getColumnModel()" because "this.this$0.table" is null at java.desktop/javax.swing.plaf.basic.BasicTableUI$Handler.setValueIsAdjusting(Unknown Source)
SEVERE	417	160718	oracle.dbtools.raptor.backgroundTask.RaptorTaskManager$1	Cannot invoke "javax.swing.JTable.getColumnModel()" because "this.this$0.table" is null at java.desktop/javax.swing.plaf.basic.BasicTableUI$Handler.setValueIsAdjusting(Unknown Source)
SEVERE	423	858673	oracle.dbtools.raptor.backgroundTask.RaptorTaskManager$1	Cannot invoke "javax.swing.JTable.getColumnModel()" because "this.this$0.table" is null at java.desktop/javax.swing.plaf.basic.BasicTableUI$Handler.setValueIsAdjusting(Unknown Source)
SEVERE	425	1377901	oracle.dbtools.crest.util.logging.Logger	Duplicated file for ingress_egress ID - 0DFBA6C7-1559-6307-C35C-A2FD0A872F94 
path - /Users/leads/Documents/cognitiveLamp/leadsuser_model/leadsuser/rel/D0ADEC0C-804409B8E385/phys/01F6E6D1-3988D1813575/Table/seg_0/0DFBA6C7-1559-6307-C35C-A2FD0A872F94.xml
SEVERE	426	12	oracle.dbtools.crest.util.logging.Logger	Duplicated file for iread ID - 26A7CB9D-ABB5-2E83-ED4C-C080A198AD4D 
path - /Users/leads/Documents/cognitiveLamp/leadsuser_model/leadsuser/rel/D0ADEC0C-804409B8E385/phys/01F6E6D1-3988D1813575/Table/seg_1/26A7CB9D-ABB5-2E83-ED4C-C080A198AD4D.xml
SEVERE	427	1	oracle.dbtools.crest.util.logging.Logger	Duplicated file for question_criteria ID - 19049549-AE0F-3096-4F40-8EE993C51995 
path - /Users/leads/Documents/cognitiveLamp/leadsuser_model/leadsuser/rel/D0ADEC0C-804409B8E385/phys/01F6E6D1-3988D1813575/Table/seg_1/19049549-AE0F-3096-4F40-8EE993C51995.xml
SEVERE	428	23	oracle.dbtools.crest.util.logging.Logger	Duplicated file for zip ID - 308D850B-F105-431C-D706-4B1CFD5C17C8 
path - /Users/leads/Documents/cognitiveLamp/leadsuser_model/leadsuser/rel/D0ADEC0C-804409B8E385/phys/01F6E6D1-3988D1813575/Table/seg_1/308D850B-F105-431C-D706-4B1CFD5C17C8.xml
SEVERE	429	0	oracle.dbtools.crest.util.logging.Logger	Duplicated file for library ID - 28F1D580-DAF3-71B4-523B-EADDE441DE2E 
path - /Users/leads/Documents/cognitiveLamp/leadsuser_model/leadsuser/rel/D0ADEC0C-804409B8E385/phys/01F6E6D1-3988D1813575/Table/seg_1/28F1D580-DAF3-71B4-523B-EADDE441DE2E.xml
SEVERE	430	1	oracle.dbtools.crest.util.logging.Logger	Duplicated file for istarred ID - 1DB16026-BE92-B7F3-7E6E-25B4E219CC68 
path - /Users/leads/Documents/cognitiveLamp/leadsuser_model/leadsuser/rel/D0ADEC0C-804409B8E385/phys/01F6E6D1-3988D1813575/Table/seg_1/1DB16026-BE92-B7F3-7E6E-25B4E219CC68.xml
SEVERE	431	1	oracle.dbtools.crest.util.logging.Logger	Duplicated file for emp_document ID - 19296A6C-0737-E6BE-0A1E-B9EBE0C851FE 
path - /Users/leads/Documents/cognitiveLamp/leadsuser_model/leadsuser/rel/D0ADEC0C-804409B8E385/phys/01F6E6D1-3988D1813575/Table/seg_1/19296A6C-0737-E6BE-0A1E-B9EBE0C851FE.xml
SEVERE	432	1	oracle.dbtools.crest.util.logging.Logger	Duplicated file for email_log ID - 3ABE8B41-1576-C85C-457C-16A84FC493F1 
path - /Users/leads/Documents/cognitiveLamp/leadsuser_model/leadsuser/rel/D0ADEC0C-804409B8E385/phys/01F6E6D1-3988D1813575/Table/seg_1/3ABE8B41-1576-C85C-457C-16A84FC493F1.xml
SEVERE	433	0	oracle.dbtools.crest.util.logging.Logger	Duplicated file for question_array_optional ID - 1ACA358E-38D9-772F-2A29-380EF7D26A9E 
path - /Users/leads/Documents/cognitiveLamp/leadsuser_model/leadsuser/rel/D0ADEC0C-804409B8E385/phys/01F6E6D1-3988D1813575/Table/seg_1/1ACA358E-38D9-772F-2A29-380EF7D26A9E.xml
SEVERE	434	3	oracle.dbtools.crest.util.logging.Logger	Duplicated file for idraft ID - CDC10B71-2C02-3BF6-D521-0FEB21170092 
path - /Users/leads/Documents/cognitiveLamp/leadsuser_model/leadsuser/rel/D0ADEC0C-804409B8E385/phys/01F6E6D1-3988D1813575/Table/seg_6/CDC10B71-2C02-3BF6-D521-0FEB21170092.xml
SEVERE	435	1	oracle.dbtools.crest.util.logging.Logger	Duplicated file for visibility ID - EC7A8CDE-21A9-50E7-9018-16E12BCEC324 
path - /Users/leads/Documents/cognitiveLamp/leadsuser_model/leadsuser/rel/D0ADEC0C-804409B8E385/phys/01F6E6D1-3988D1813575/Table/seg_6/EC7A8CDE-21A9-50E7-9018-16E12BCEC324.xml
SEVERE	436	1	oracle.dbtools.crest.util.logging.Logger	Duplicated file for ecriteria ID - D562B58B-4540-F773-E342-19FD079ACA2A 
path - /Users/leads/Documents/cognitiveLamp/leadsuser_model/leadsuser/rel/D0ADEC0C-804409B8E385/phys/01F6E6D1-3988D1813575/Table/seg_8/D562B58B-4540-F773-E342-19FD079ACA2A.xml
SEVERE	437	0	oracle.dbtools.crest.util.logging.Logger	Duplicated file for std_privilege ID - FB44A819-A5A7-1EEF-3EC2-43D4A067862C 
path - /Users/leads/Documents/cognitiveLamp/leadsuser_model/leadsuser/rel/D0ADEC0C-804409B8E385/phys/01F6E6D1-3988D1813575/Table/seg_8/FB44A819-A5A7-1EEF-3EC2-43D4A067862C.xml
SEVERE	438	1	oracle.dbtools.crest.util.logging.Logger	Duplicated file for lib_management ID - D22FAC84-489B-4877-B6EB-C4311A6730D5 
path - /Users/leads/Documents/cognitiveLamp/leadsuser_model/leadsuser/rel/D0ADEC0C-804409B8E385/phys/01F6E6D1-3988D1813575/Table/seg_8/D22FAC84-489B-4877-B6EB-C4311A6730D5.xml
SEVERE	439	2	oracle.dbtools.crest.util.logging.Logger	Duplicated file for idelete ID - 7E7AEB0C-0008-DA75-FD94-E87A17DC59E0 
path - /Users/leads/Documents/cognitiveLamp/leadsuser_model/leadsuser/rel/D0ADEC0C-804409B8E385/phys/01F6E6D1-3988D1813575/Table/seg_3/7E7AEB0C-0008-DA75-FD94-E87A17DC59E0.xml
SEVERE	440	0	oracle.dbtools.crest.util.logging.Logger	Duplicated file for std_shift ID - 7A566CF5-5695-4294-8ECC-E17E09F19513 
path - /Users/leads/Documents/cognitiveLamp/leadsuser_model/leadsuser/rel/D0ADEC0C-804409B8E385/phys/01F6E6D1-3988D1813575/Table/seg_3/7A566CF5-5695-4294-8ECC-E17E09F19513.xml
SEVERE	441	55	oracle.dbtools.crest.util.logging.Logger	Duplicated file for std_location ID - 61B10CD4-ECE5-46D0-544A-CD24852653EC 
path - /Users/leads/Documents/cognitiveLamp/leadsuser_model/leadsuser/rel/D0ADEC0C-804409B8E385/phys/01F6E6D1-3988D1813575/Table/seg_3/61B10CD4-ECE5-46D0-544A-CD24852653EC.xml
SEVERE	442	2	oracle.dbtools.crest.util.logging.Logger	Duplicated file for facility ID - 037E854A-EB8D-D1A3-2154-6546F7A28CFE 
path - /Users/leads/Documents/cognitiveLamp/leadsuser_model/leadsuser/rel/D0ADEC0C-804409B8E385/phys/01F6E6D1-3988D1813575/Table/seg_3/037E854A-EB8D-D1A3-2154-6546F7A28CFE.xml
SEVERE	443	0	oracle.dbtools.crest.util.logging.Logger	Duplicated file for eschedule_log ID - 678DBCD9-0B46-5583-2245-92C2F9FC742E 
path - /Users/leads/Documents/cognitiveLamp/leadsuser_model/leadsuser/rel/D0ADEC0C-804409B8E385/phys/01F6E6D1-3988D1813575/Table/seg_3/678DBCD9-0B46-5583-2245-92C2F9FC742E.xml
SEVERE	444	31	oracle.dbtools.crest.util.logging.Logger	Duplicated file for lib_policy ID - A3959954-09CF-E922-2A55-3B09237A3605 
path - /Users/leads/Documents/cognitiveLamp/leadsuser_model/leadsuser/rel/D0ADEC0C-804409B8E385/phys/01F6E6D1-3988D1813575/Table/seg_4/A3959954-09CF-E922-2A55-3B09237A3605.xml
SEVERE	445	1	oracle.dbtools.crest.util.logging.Logger	Duplicated file for ilabel ID - 90F9FC8E-82F8-EF1D-FFD1-A41C232536A4 
path - /Users/leads/Documents/cognitiveLamp/leadsuser_model/leadsuser/rel/D0ADEC0C-804409B8E385/phys/01F6E6D1-3988D1813575/Table/seg_4/90F9FC8E-82F8-EF1D-FFD1-A41C232536A4.xml
SEVERE	446	0	oracle.dbtools.crest.util.logging.Logger	Duplicated file for quarter ID - 946101EE-FD45-50F3-A47C-9E903B6F736B 
path - /Users/leads/Documents/cognitiveLamp/leadsuser_model/leadsuser/rel/D0ADEC0C-804409B8E385/phys/01F6E6D1-3988D1813575/Table/seg_4/946101EE-FD45-50F3-A47C-9E903B6F736B.xml
SEVERE	447	1	oracle.dbtools.crest.util.logging.Logger	Duplicated file for district ID - 875EDBFA-69A6-001F-9229-CC1B2D7A1F60 
path - /Users/leads/Documents/cognitiveLamp/leadsuser_model/leadsuser/rel/D0ADEC0C-804409B8E385/phys/01F6E6D1-3988D1813575/Table/seg_4/875EDBFA-69A6-001F-9229-CC1B2D7A1F60.xml
SEVERE	448	0	oracle.dbtools.crest.util.logging.Logger	Duplicated file for lib_management_rec ID - 93D0B0C4-2095-993B-BEF5-4BDDB93FEFEF 
path - /Users/leads/Documents/cognitiveLamp/leadsuser_model/leadsuser/rel/D0ADEC0C-804409B8E385/phys/01F6E6D1-3988D1813575/Table/seg_4/93D0B0C4-2095-993B-BEF5-4BDDB93FEFEF.xml
SEVERE	449	1	oracle.dbtools.crest.util.logging.Logger	Duplicated file for inbox ID - 9E88EB46-2873-B47D-930C-D44902EFAA26 
path - /Users/leads/Documents/cognitiveLamp/leadsuser_model/leadsuser/rel/D0ADEC0C-804409B8E385/phys/01F6E6D1-3988D1813575/Table/seg_4/9E88EB46-2873-B47D-930C-D44902EFAA26.xml
SEVERE	450	7	oracle.dbtools.crest.util.logging.Logger	Duplicated file for genre ID - 9DC6274B-8A93-E164-164F-A4CDAA16873C 
path - /Users/leads/Documents/cognitiveLamp/leadsuser_model/leadsuser/rel/D0ADEC0C-804409B8E385/phys/01F6E6D1-3988D1813575/Table/seg_4/9DC6274B-8A93-E164-164F-A4CDAA16873C.xml
SEVERE	451	1	oracle.dbtools.crest.util.logging.Logger	Duplicated file for academic ID - 872BC7D0-44A1-E32D-0BDF-7633C8DADA2F 
path - /Users/leads/Documents/cognitiveLamp/leadsuser_model/leadsuser/rel/D0ADEC0C-804409B8E385/phys/01F6E6D1-3988D1813575/Table/seg_4/872BC7D0-44A1-E32D-0BDF-7633C8DADA2F.xml
SEVERE	452	11	oracle.dbtools.crest.util.logging.Logger	Duplicated file for lib_author ID - BD40295A-558F-90E8-E85E-D16AE0E4D967 
path - /Users/leads/Documents/cognitiveLamp/leadsuser_model/leadsuser/rel/D0ADEC0C-804409B8E385/phys/01F6E6D1-3988D1813575/Table/seg_5/BD40295A-558F-90E8-E85E-D16AE0E4D967.xml
SEVERE	453	11	oracle.dbtools.crest.util.logging.Logger	Duplicated file for class_assignment ID - CAE2556E-07C1-6A38-C6EF-EC5CB010EFB6 
path - /Users/leads/Documents/cognitiveLamp/leadsuser_model/leadsuser/rel/D0ADEC0C-804409B8E385/phys/01F6E6D1-3988D1813575/Table/seg_5/CAE2556E-07C1-6A38-C6EF-EC5CB010EFB6.xml
SEVERE	454	0	oracle.dbtools.crest.util.logging.Logger	Duplicated file for ecalendar ID - CB07EF6B-B3A7-693D-53D3-E6E51A8EE273 
path - /Users/leads/Documents/cognitiveLamp/leadsuser_model/leadsuser/rel/D0ADEC0C-804409B8E385/phys/01F6E6D1-3988D1813575/Table/seg_5/CB07EF6B-B3A7-693D-53D3-E6E51A8EE273.xml
SEVERE	455	1	oracle.dbtools.crest.util.logging.Logger	Duplicated file for iattachment ID - ADDEFCC1-ED4A-7CCB-FA78-DA964B245CF5 
path - /Users/leads/Documents/cognitiveLamp/leadsuser_model/leadsuser/rel/D0ADEC0C-804409B8E385/phys/01F6E6D1-3988D1813575/Table/seg_5/ADDEFCC1-ED4A-7CCB-FA78-DA964B245CF5.xml
SEVERE	456	42	oracle.dbtools.crest.util.logging.Logger	Duplicated file for infrastructure ID - 608312BF-0AE4-07F6-509D-FAA8E3EE7802 
path - /Users/leads/Documents/cognitiveLamp/leadsuser_model/leadsuser/rel/D0ADEC0C-804409B8E385/phys/01F6E6D1-3988D1813575/Table/seg_2/608312BF-0AE4-07F6-509D-FAA8E3EE7802.xml
SEVERE	457	1	oracle.dbtools.crest.util.logging.Logger	Duplicated file for subscriber ID - 598462F4-B7D8-7BBC-065D-8489B670F08A 
path - /Users/leads/Documents/cognitiveLamp/leadsuser_model/leadsuser/rel/D0ADEC0C-804409B8E385/phys/01F6E6D1-3988D1813575/Table/seg_2/598462F4-B7D8-7BBC-065D-8489B670F08A.xml
SEVERE	458	0	oracle.dbtools.crest.util.logging.Logger	Duplicated file for ireceiver ID - 42B4CB7A-5FB7-2B17-54C7-262A95025262 
path - /Users/leads/Documents/cognitiveLamp/leadsuser_model/leadsuser/rel/D0ADEC0C-804409B8E385/phys/01F6E6D1-3988D1813575/Table/seg_2/42B4CB7A-5FB7-2B17-54C7-262A95025262.xml
SEVERE	459	1	oracle.dbtools.crest.util.logging.Logger	Duplicated file for curriculum ID - 3E2BB035-8B76-E92D-412C-072CB1DCCEC0 
path - /Users/leads/Documents/cognitiveLamp/leadsuser_model/leadsuser/rel/D0ADEC0C-804409B8E385/phys/01F6E6D1-3988D1813575/Table/seg_2/3E2BB035-8B76-E92D-412C-072CB1DCCEC0.xml
SEVERE	460	10	oracle.dbtools.crest.util.logging.Logger	Duplicated file for sch_learn_criteria ID - 600FBD7F-6A93-AD70-3839-E185EAFA5813 
path - /Users/leads/Documents/cognitiveLamp/leadsuser_model/leadsuser/rel/D0ADEC0C-804409B8E385/phys/01F6E6D1-3988D1813575/Table/seg_2/600FBD7F-6A93-AD70-3839-E185EAFA5813.xml
SEVERE	461	13	oracle.dbtools.crest.util.logging.Logger	Duplicated file for fee_group ID - 3F2B7B9B-1BA1-730F-7A88-D83542F88740 
path - /Users/leads/Documents/cognitiveLamp/leadsuser_model/leadsuser/rel/D0ADEC0C-804409B8E385/phys/01F6E6D1-3988D1813575/Table/seg_2/3F2B7B9B-1BA1-730F-7A88-D83542F88740.xml
SEVERE	462	0	oracle.dbtools.crest.util.logging.Logger	Duplicated file for score_division ID - 403F7295-5733-7553-DB95-E6AF702BEB76 
path - /Users/leads/Documents/cognitiveLamp/leadsuser_model/leadsuser/rel/D0ADEC0C-804409B8E385/phys/01F6E6D1-3988D1813575/Table/seg_2/403F7295-5733-7553-DB95-E6AF702BEB76.xml
SEVERE	2489	237553	oracle.dbtools.raptor.oviewer.base.ViewerAddin$XMLParser	Could not Load :oracle.dbtools.raptor.plsql.PLSQLCodeViewer cannot be found by oracle.sqldeveloper_24.3.1
SEVERE	2490	1	oracle.dbtools.raptor.oviewer.base.ViewerAddin$XMLParser	Could not Load :oracle.dbtools.raptor.plsql.PLSQLCodeViewer cannot be found by oracle.sqldeveloper_24.3.1
SEVERE	2491	1	oracle.dbtools.raptor.oviewer.base.ViewerAddin$XMLParser	Could not Load :oracle.dbtools.raptor.plsql.PLSQLCodeViewer cannot be found by oracle.sqldeveloper_24.3.1
SEVERE	2492	2	oracle.dbtools.raptor.oviewer.base.ViewerAddin$XMLParser	Could not Load :oracle.dbtools.raptor.plsql.PLSQLCodeViewer cannot be found by oracle.sqldeveloper_24.3.1
SEVERE	2493	1	oracle.dbtools.raptor.oviewer.base.ViewerAddin$XMLParser	Could not Load :oracle.dbtools.raptor.plsql.PLSQLCodeViewer cannot be found by oracle.sqldeveloper_24.3.1
SEVERE	2494	2	oracle.dbtools.raptor.oviewer.base.ViewerAddin$XMLParser	Could not Load :oracle.dbtools.raptor.plsql.PLSQLCodeViewer cannot be found by oracle.sqldeveloper_24.3.1
SEVERE	2495	1	oracle.dbtools.raptor.oviewer.base.ViewerAddin$XMLParser	Could not Load :oracle.dbtools.raptor.plsql.PLSQLCodeViewer cannot be found by oracle.sqldeveloper_24.3.1
